// Jest Snapshot v1, https://goo.gl/fbAQLP

exports[`<RoutesDropdown /> should render 1`] = `
<DocumentFragment>
  <div
    class="MuiFormControl-root makeStyles-formControl-1"
  >
    <label
      class="MuiFormLabel-root MuiInputLabel-root MuiInputLabel-formControl MuiInputLabel-animated MuiInputLabel-shrink MuiInputLabel-outlined MuiFormLabel-filled"
      data-shrink="true"
      id="route-select-label"
    >
      Select Route
    </label>
    <div
      class="MuiInputBase-root MuiOutlinedInput-root MuiInputBase-formControl"
    >
      <div
        aria-haspopup="listbox"
        aria-labelledby="route-select-label route-select"
        class="MuiSelect-root MuiSelect-select MuiSelect-selectMenu MuiSelect-outlined MuiInputBase-input MuiOutlinedInput-input"
        id="route-select"
        role="button"
        tabindex="0"
      >
        METRO Blue Line
      </div>
      <input
        aria-hidden="true"
        class="MuiSelect-nativeInput"
        tabindex="-1"
        value="000"
      />
      <svg
        aria-hidden="true"
        class="MuiSvgIcon-root MuiSelect-icon MuiSelect-iconOutlined"
        focusable="false"
        viewBox="0 0 24 24"
      >
        <path
          d="M7 10l5 5 5-5z"
        />
      </svg>
      <fieldset
        aria-hidden="true"
        class="PrivateNotchedOutline-root-2 MuiOutlinedInput-notchedOutline"
      >
        <legend
          class="PrivateNotchedOutline-legendLabelled-4 PrivateNotchedOutline-legendNotched-5"
        >
          <span>
            Select Route
          </span>
        </legend>
      </fieldset>
    </div>
  </div>
</DocumentFragment>
`;

exports[`<RoutesDropdown /> should render null 1`] = `<DocumentFragment />`;
